{
  "env": {
    "browser": true,
    "es6": true,
    "node": true
  },
  "globals": {},
  "parser": "C:\\Users\\Adam\\source\\npm\\ng-eslint\\node_modules\\@typescript-eslint\\parser\\dist\\index.js",
  "parserOptions": {
    "tsconfigRootDir": "C:\\Users\\Adam\\source\\npm\\ng-eslint\\projects\\showcase",
    "project": "C:\\Users\\Adam\\source\\npm\\ng-eslint\\projects\\showcase/tsconfig.app.json",
    "ecmaVersion": 6,
    "sourceType": "module",
    "ecmaFeatures": {
      "modules": true
    }
  },
  "plugins": [
    "@typescript-eslint",
    "prefer-arrow",
    "jsdoc",
    "prettier",
    "jest",
    "import",
    "eslint-comments",
    "@angular-eslint"
  ],
  "reportUnusedDisableDirectives": true,
  "rules": {
    "@angular-eslint/directive-selector": [
      "error",
      {
        "type": "attribute",
        "prefix": "app",
        "style": "camelCase"
      }
    ],
    "@angular-eslint/component-selector": [
      "error",
      {
        "type": "element",
        "prefix": "app",
        "style": "kebab-case"
      }
    ],
    "max-len": [
      "error",
      150
    ],
    "@typescript-eslint/adjacent-overload-signatures": [
      "error"
    ],
    "@typescript-eslint/array-type": [
      "error",
      {
        "default": "array",
        "readonly": "array"
      }
    ],
    "@typescript-eslint/ban-types": [
      "error",
      {
        "types": {
          "Object": {
            "message": "Avoid using the `Object` type. Did you mean `object`?"
          },
          "Function": {
            "message": "Avoid using the `Function` type. Prefer a specific function type, like `() => void`."
          },
          "Boolean": {
            "message": "Avoid using the `Boolean` type. Did you mean `boolean`?"
          },
          "Number": {
            "message": "Avoid using the `Number` type. Did you mean `number`?"
          },
          "String": {
            "message": "Avoid using the `String` type. Did you mean `string`?"
          },
          "Symbol": {
            "message": "Avoid using the `Symbol` type. Did you mean `symbol`?"
          }
        }
      }
    ],
    "@typescript-eslint/consistent-type-assertions": [
      "error"
    ],
    "@typescript-eslint/consistent-type-definitions": [
      "error"
    ],
    "@typescript-eslint/dot-notation": [
      "error"
    ],
    "@typescript-eslint/explicit-member-accessibility": [
      "error",
      {
        "accessibility": "explicit",
        "overrides": {
          "constructors": "no-public"
        }
      }
    ],
    "@typescript-eslint/quotes": [
      "error",
      "single",
      {
        "avoidEscape": true,
        "allowTemplateLiterals": true
      }
    ],
    "@typescript-eslint/naming-convention": [
      "error"
    ],
    "@typescript-eslint/no-empty-function": [
      "off"
    ],
    "@typescript-eslint/no-empty-interface": [
      "error"
    ],
    "@typescript-eslint/no-explicit-any": [
      "off"
    ],
    "@typescript-eslint/no-inferrable-types": [
      "off",
      {
        "ignoreParameters": true
      }
    ],
    "@typescript-eslint/no-namespace": [
      "error"
    ],
    "@typescript-eslint/no-non-null-assertion": [
      "error"
    ],
    "@typescript-eslint/no-parameter-properties": [
      "off"
    ],
    "@typescript-eslint/no-unused-expressions": [
      "error"
    ],
    "@typescript-eslint/no-use-before-define": [
      "off"
    ],
    "@typescript-eslint/no-var-requires": [
      "off"
    ],
    "@typescript-eslint/prefer-for-of": [
      "error"
    ],
    "@typescript-eslint/prefer-function-type": [
      "error"
    ],
    "@typescript-eslint/prefer-namespace-keyword": [
      "error"
    ],
    "@typescript-eslint/triple-slash-reference": [
      "error",
      {
        "path": "always",
        "types": "prefer-import",
        "lib": "always"
      }
    ],
    "@typescript-eslint/unified-signatures": [
      "error"
    ],
    "@typescript-eslint/brace-style": [
      "off"
    ],
    "@typescript-eslint/comma-spacing": [
      "off"
    ],
    "@typescript-eslint/func-call-spacing": [
      "off"
    ],
    "@typescript-eslint/indent": [
      "off"
    ],
    "@typescript-eslint/keyword-spacing": [
      "off"
    ],
    "@typescript-eslint/member-delimiter-style": [
      "off"
    ],
    "@typescript-eslint/no-extra-parens": [
      "off"
    ],
    "@typescript-eslint/no-extra-semi": [
      "off"
    ],
    "@typescript-eslint/semi": [
      "off"
    ],
    "@typescript-eslint/space-before-function-paren": [
      "off"
    ],
    "@typescript-eslint/type-annotation-spacing": [
      "off"
    ],
    "eslint-comments/no-unused-disable": [
      "error"
    ],
    "block-scoped-var": [
      "error"
    ],
    "camelcase": [
      "error"
    ],
    "complexity": [
      "error"
    ],
    "consistent-return": [
      "error"
    ],
    "consistent-this": [
      "error"
    ],
    "constructor-super": [
      "error"
    ],
    "curly": [
      "error",
      "all"
    ],
    "default-case": [
      "error"
    ],
    "default-case-last": [
      "error"
    ],
    "default-param-last": [
      "error"
    ],
    "eqeqeq": [
      "error",
      "smart"
    ],
    "grouped-accessor-pairs": [
      "error"
    ],
    "guard-for-in": [
      "error"
    ],
    "id-blacklist": [
      "error",
      "any",
      "Number",
      "number",
      "String",
      "string",
      "Boolean",
      "boolean",
      "Undefined",
      "undefined"
    ],
    "id-match": [
      "error"
    ],
    "import/no-deprecated": [
      "warn"
    ],
    "import/order": [
      "error"
    ],
    "lines-around-comments": [
      "error",
      {
        "beforeBlockComment": true,
        "beforeLineComment": true
      }
    ],
    "no-alert": [
      "error"
    ],
    "jsdoc/check-alignment": [
      "error"
    ],
    "jsdoc/newline-after-description": [
      "error"
    ],
    "jsdoc/no-types": [
      "error"
    ],
    "max-classes-per-file": [
      "error"
    ],
    "no-bitwise": [
      "error"
    ],
    "no-caller": [
      "error"
    ],
    "no-cond-assign": [
      "error"
    ],
    "no-confusing-arrow": [
      "error",
      {
        "allowParens": false
      }
    ],
    "no-console": [
      "error",
      {
        "allow": [
          "error"
        ]
      }
    ],
    "no-constructor-return": [
      "error"
    ],
    "no-debugger": [
      "error"
    ],
    "no-div-regex": [
      "error"
    ],
    "no-else-return": [
      "error"
    ],
    "no-empty": [
      "off"
    ],
    "no-empty-function": [
      "error",
      {
        "allow": [
          "arrowFunctions"
        ]
      }
    ],
    "no-eq-null": [
      "error"
    ],
    "no-eval": [
      "error"
    ],
    "no-extend-native": [
      "error"
    ],
    "no-extra-bind": [
      "error"
    ],
    "no-extra-label": [
      "error"
    ],
    "no-floating-decimal": [
      "error"
    ],
    "no-implicit-globals": [
      "error"
    ],
    "no-implied-eval": [
      "error"
    ],
    "no-invalid-this": [
      "error"
    ],
    "no-labels": [
      "error"
    ],
    "no-label-var": [
      "error"
    ],
    "no-lone-blocks": [
      "error"
    ],
    "no-loop-func": [
      "error"
    ],
    "no-loss-of-precision": [
      "error"
    ],
    "no-magic-numbers": [
      "error",
      {
        "ignore": [
          0,
          1
        ],
        "ignoreArrayIndexes": true,
        "enforceConst": true,
        "detectObjects": true
      }
    ],
    "no-new": [
      "error"
    ],
    "no-new-func": [
      "error"
    ],
    "no-new-wrappers": [
      "error"
    ],
    "no-octal-escape": [
      "error"
    ],
    "no-param-reassign": [
      "error"
    ],
    "no-promise-executor-return": [
      "error"
    ],
    "no-proto": [
      "error"
    ],
    "no-restricted-properties": [
      "error"
    ],
    "no-restricted-syntax": [
      "error",
      "SequenceExpression"
    ],
    "no-return-assign": [
      "error",
      "always"
    ],
    "no-return-await": [
      "error"
    ],
    "no-script-url": [
      "error"
    ],
    "no-self-compare": [
      "error"
    ],
    "no-shadow": [
      "error",
      {
        "hoist": "all",
        "builtinGlobals": true
      }
    ],
    "no-sequences": [
      "error"
    ],
    "no-template-curly-in-string": [
      "error"
    ],
    "no-throw-literal": [
      "error"
    ],
    "no-undef-init": [
      "error"
    ],
    "no-undefined": [
      "error"
    ],
    "no-underscore-dangle": [
      "error"
    ],
    "no-unmodified-loop-condition": [
      "error"
    ],
    "no-unreachable-loop": [
      "error"
    ],
    "no-unsafe-finally": [
      "error"
    ],
    "no-use-before-define": [
      "error"
    ],
    "no-unused-expressions": [
      "error",
      {
        "allowShortCircuit": true,
        "allowTernary": true,
        "allowTaggedTemplates": true
      }
    ],
    "no-unused-labels": [
      "error"
    ],
    "no-useless-backreference": [
      "error"
    ],
    "no-useless-call": [
      "error"
    ],
    "no-useless-computed-key": [
      "error",
      {
        "enforceForClassMembers": true
      }
    ],
    "no-useless-constructor": [
      "error"
    ],
    "no-useless-concat": [
      "error"
    ],
    "no-useless-rename": [
      "error"
    ],
    "no-useless-return": [
      "error"
    ],
    "no-var": [
      "error"
    ],
    "no-void": [
      "error"
    ],
    "no-warning-comments": [
      "error"
    ],
    "object-shorthand": [
      "error",
      "always",
      {
        "avoidQuotes": true,
        "avoidExplicitReturnArrows": true
      }
    ],
    "one-var": [
      "error",
      "never"
    ],
    "prefer-arrow/prefer-arrow-functions": [
      "error"
    ],
    "prefer-const": [
      "error"
    ],
    "prefer-destructuring": [
      "error",
      {
        "VariableDeclarator": {
          "array": true,
          "object": true
        },
        "AssignmentExpression": {
          "array": true,
          "object": true
        }
      },
      {
        "enforceForRenamedProperties": true
      }
    ],
    "prefer-numeric-literals": [
      "error"
    ],
    "prefer-promise-reject-errors": [
      "error"
    ],
    "prefer-regex-literals": [
      "error",
      {
        "disallowRedundantWrapping": true
      }
    ],
    "radix": [
      "error",
      "as-needed"
    ],
    "require-atomic-updates": [
      "error"
    ],
    "require-await": [
      "error"
    ],
    "require-unicode-regexp": [
      "error"
    ],
    "sort-imports": [
      "error"
    ],
    "spaced-comment": [
      "warn",
      "always",
      {
        "markers": [
          "/"
        ]
      }
    ],
    "symbol-description": [
      "error"
    ],
    "use-isnan": [
      "error"
    ],
    "valid-typeof": [
      "off"
    ],
    "vars-on-top": [
      "error"
    ],
    "wrap-iife": [
      "error",
      "inside"
    ],
    "yoda": [
      "error"
    ],
    "prettier/prettier": [
      "error"
    ],
    "arrow-body-style": [
      0
    ],
    "lines-around-comment": [
      0
    ],
    "no-mixed-operators": [
      0
    ],
    "no-tabs": [
      0
    ],
    "no-unexpected-multiline": [
      0
    ],
    "prefer-arrow-callback": [
      0
    ],
    "quotes": [
      0,
      "single"
    ],
    "array-bracket-newline": [
      "off"
    ],
    "array-bracket-spacing": [
      "off"
    ],
    "array-element-newline": [
      "off"
    ],
    "arrow-parens": [
      "off"
    ],
    "arrow-spacing": [
      "off"
    ],
    "block-spacing": [
      "off"
    ],
    "brace-style": [
      "off"
    ],
    "comma-dangle": [
      "off"
    ],
    "comma-spacing": [
      "off"
    ],
    "comma-style": [
      "off"
    ],
    "computed-property-spacing": [
      "off"
    ],
    "dot-location": [
      "off"
    ],
    "eol-last": [
      "off"
    ],
    "func-call-spacing": [
      "off"
    ],
    "function-call-argument-newline": [
      "off"
    ],
    "function-paren-newline": [
      "off"
    ],
    "generator-star": [
      "off"
    ],
    "generator-star-spacing": [
      "off"
    ],
    "implicit-arrow-linebreak": [
      "off"
    ],
    "indent": [
      "off"
    ],
    "jsx-quotes": [
      "off"
    ],
    "key-spacing": [
      "off"
    ],
    "keyword-spacing": [
      "off"
    ],
    "linebreak-style": [
      "off"
    ],
    "multiline-ternary": [
      "off"
    ],
    "newline-per-chained-call": [
      "off"
    ],
    "new-parens": [
      "off"
    ],
    "no-arrow-condition": [
      "off"
    ],
    "no-comma-dangle": [
      "off"
    ],
    "no-extra-parens": [
      "off"
    ],
    "no-extra-semi": [
      "off"
    ],
    "no-mixed-spaces-and-tabs": [
      "off"
    ],
    "no-multi-spaces": [
      "off"
    ],
    "no-multiple-empty-lines": [
      "off"
    ],
    "no-reserved-keys": [
      "off"
    ],
    "no-space-before-semi": [
      "off"
    ],
    "no-trailing-spaces": [
      "off"
    ],
    "no-whitespace-before-property": [
      "off"
    ],
    "no-wrap-func": [
      "off"
    ],
    "nonblock-statement-body-position": [
      "off"
    ],
    "object-curly-newline": [
      "off"
    ],
    "object-curly-spacing": [
      "off"
    ],
    "object-property-newline": [
      "off"
    ],
    "one-var-declaration-per-line": [
      "off"
    ],
    "operator-linebreak": [
      "off"
    ],
    "padded-blocks": [
      "off"
    ],
    "quote-props": [
      "off",
      "as-needed"
    ],
    "rest-spread-spacing": [
      "off"
    ],
    "semi": [
      "off"
    ],
    "semi-spacing": [
      "off"
    ],
    "semi-style": [
      "off"
    ],
    "space-after-function-name": [
      "off"
    ],
    "space-after-keywords": [
      "off"
    ],
    "space-before-blocks": [
      "off"
    ],
    "space-before-function-paren": [
      "off"
    ],
    "space-before-function-parentheses": [
      "off"
    ],
    "space-before-keywords": [
      "off"
    ],
    "space-in-brackets": [
      "off"
    ],
    "space-in-parens": [
      "off"
    ],
    "space-infix-ops": [
      "off"
    ],
    "space-return-throw-case": [
      "off"
    ],
    "space-unary-ops": [
      "off"
    ],
    "space-unary-word-ops": [
      "off"
    ],
    "switch-colon-spacing": [
      "off"
    ],
    "template-curly-spacing": [
      "off"
    ],
    "template-tag-spacing": [
      "off"
    ],
    "unicode-bom": [
      "off"
    ],
    "wrap-regex": [
      "off"
    ],
    "yield-star-spacing": [
      "off"
    ],
    "indent-legacy": [
      "off"
    ],
    "no-spaced-func": [
      "off"
    ],
    "jsdoc/check-access": [
      "warn"
    ],
    "jsdoc/check-examples": [
      "off"
    ],
    "jsdoc/check-indentation": [
      "off"
    ],
    "jsdoc/check-param-names": [
      "warn"
    ],
    "jsdoc/check-property-names": [
      "warn"
    ],
    "jsdoc/check-syntax": [
      "off"
    ],
    "jsdoc/check-tag-names": [
      "warn"
    ],
    "jsdoc/check-types": [
      "warn"
    ],
    "jsdoc/check-values": [
      "warn"
    ],
    "jsdoc/empty-tags": [
      "warn"
    ],
    "jsdoc/implements-on-classes": [
      "warn"
    ],
    "jsdoc/match-description": [
      "off"
    ],
    "jsdoc/no-bad-blocks": [
      "off"
    ],
    "jsdoc/no-defaults": [
      "off"
    ],
    "jsdoc/no-undefined-types": [
      "warn"
    ],
    "jsdoc/require-description": [
      "off"
    ],
    "jsdoc/require-description-complete-sentence": [
      "off"
    ],
    "jsdoc/require-example": [
      "off"
    ],
    "jsdoc/require-file-overview": [
      "off"
    ],
    "jsdoc/require-hyphen-before-param-description": [
      "off"
    ],
    "jsdoc/require-jsdoc": [
      "warn"
    ],
    "jsdoc/require-param": [
      "warn"
    ],
    "jsdoc/require-param-description": [
      "warn"
    ],
    "jsdoc/require-param-name": [
      "warn"
    ],
    "jsdoc/require-param-type": [
      "warn"
    ],
    "jsdoc/require-property": [
      "warn"
    ],
    "jsdoc/require-property-description": [
      "warn"
    ],
    "jsdoc/require-property-name": [
      "warn"
    ],
    "jsdoc/require-property-type": [
      "warn"
    ],
    "jsdoc/require-returns": [
      "warn"
    ],
    "jsdoc/require-returns-check": [
      "warn"
    ],
    "jsdoc/require-returns-description": [
      "warn"
    ],
    "jsdoc/require-returns-type": [
      "warn"
    ],
    "jsdoc/valid-types": [
      "warn"
    ],
    "import/no-unresolved": [
      "error"
    ],
    "import/named": [
      "error"
    ],
    "import/namespace": [
      "error"
    ],
    "import/default": [
      "error"
    ],
    "import/export": [
      "error"
    ],
    "import/no-named-as-default": [
      "warn"
    ],
    "import/no-named-as-default-member": [
      "warn"
    ],
    "import/no-duplicates": [
      "warn"
    ],
    "eslint-comments/disable-enable-pair": [
      "error"
    ],
    "eslint-comments/no-aggregating-enable": [
      "error"
    ],
    "eslint-comments/no-duplicate-disable": [
      "error"
    ],
    "eslint-comments/no-unlimited-disable": [
      "error"
    ],
    "eslint-comments/no-unused-enable": [
      "error"
    ],
    "for-direction": [
      "error"
    ],
    "getter-return": [
      "error"
    ],
    "no-async-promise-executor": [
      "error"
    ],
    "no-case-declarations": [
      "error"
    ],
    "no-class-assign": [
      "error"
    ],
    "no-compare-neg-zero": [
      "error"
    ],
    "no-const-assign": [
      "error"
    ],
    "no-constant-condition": [
      "error"
    ],
    "no-control-regex": [
      "error"
    ],
    "no-delete-var": [
      "error"
    ],
    "no-dupe-args": [
      "error"
    ],
    "no-dupe-class-members": [
      "error"
    ],
    "no-dupe-else-if": [
      "error"
    ],
    "no-dupe-keys": [
      "error"
    ],
    "no-duplicate-case": [
      "error"
    ],
    "no-empty-character-class": [
      "error"
    ],
    "no-empty-pattern": [
      "error"
    ],
    "no-ex-assign": [
      "error"
    ],
    "no-extra-boolean-cast": [
      "error"
    ],
    "no-fallthrough": [
      "error"
    ],
    "no-func-assign": [
      "error"
    ],
    "no-global-assign": [
      "error"
    ],
    "no-import-assign": [
      "error"
    ],
    "no-inner-declarations": [
      "error"
    ],
    "no-invalid-regexp": [
      "error"
    ],
    "no-irregular-whitespace": [
      "error"
    ],
    "no-misleading-character-class": [
      "error"
    ],
    "no-new-symbol": [
      "error"
    ],
    "no-obj-calls": [
      "error"
    ],
    "no-octal": [
      "error"
    ],
    "no-prototype-builtins": [
      "error"
    ],
    "no-redeclare": [
      "error"
    ],
    "no-regex-spaces": [
      "error"
    ],
    "no-self-assign": [
      "error"
    ],
    "no-setter-return": [
      "error"
    ],
    "no-shadow-restricted-names": [
      "error"
    ],
    "no-sparse-arrays": [
      "error"
    ],
    "no-this-before-super": [
      "error"
    ],
    "no-undef": [
      "error"
    ],
    "no-unreachable": [
      "error"
    ],
    "no-unsafe-negation": [
      "error"
    ],
    "no-unused-vars": [
      "error"
    ],
    "no-useless-catch": [
      "error"
    ],
    "no-useless-escape": [
      "error"
    ],
    "no-with": [
      "error"
    ],
    "require-yield": [
      "error"
    ],
    "no-restricted-imports": [
      "error",
      {
        "paths": [
          {
            "name": "rxjs/Rx",
            "message": "Please import directly from 'rxjs' instead"
          }
        ]
      }
    ],
    "@typescript-eslint/interface-name-prefix": [
      "off"
    ],
    "@typescript-eslint/member-ordering": [
      "error",
      {
        "default": [
          "static-field",
          "instance-field",
          "static-method",
          "instance-method"
        ]
      }
    ],
    "sort-keys": [
      "off"
    ],
    "@angular-eslint/component-class-suffix": [
      "error"
    ],
    "@angular-eslint/contextual-lifecycle": [
      "error"
    ],
    "@angular-eslint/directive-class-suffix": [
      "error"
    ],
    "@angular-eslint/no-conflicting-lifecycle": [
      "error"
    ],
    "@angular-eslint/no-host-metadata-property": [
      "error"
    ],
    "@angular-eslint/no-input-rename": [
      "error"
    ],
    "@angular-eslint/no-inputs-metadata-property": [
      "error"
    ],
    "@angular-eslint/no-output-native": [
      "error"
    ],
    "@angular-eslint/no-output-on-prefix": [
      "error"
    ],
    "@angular-eslint/no-output-rename": [
      "error"
    ],
    "@angular-eslint/no-outputs-metadata-property": [
      "error"
    ],
    "@angular-eslint/use-lifecycle-interface": [
      "warn"
    ],
    "@angular-eslint/use-pipe-transform-interface": [
      "error"
    ],
    "@typescript-eslint/await-thenable": [
      "error"
    ],
    "@typescript-eslint/no-floating-promises": [
      "error"
    ],
    "@typescript-eslint/no-for-in-array": [
      "error"
    ],
    "@typescript-eslint/no-implied-eval": [
      "error"
    ],
    "@typescript-eslint/no-misused-promises": [
      "error"
    ],
    "@typescript-eslint/no-unnecessary-type-assertion": [
      "error"
    ],
    "@typescript-eslint/no-unsafe-assignment": [
      "error"
    ],
    "@typescript-eslint/no-unsafe-call": [
      "error"
    ],
    "@typescript-eslint/no-unsafe-member-access": [
      "error"
    ],
    "@typescript-eslint/no-unsafe-return": [
      "error"
    ],
    "@typescript-eslint/prefer-regexp-exec": [
      "error"
    ],
    "@typescript-eslint/require-await": [
      "error"
    ],
    "@typescript-eslint/restrict-plus-operands": [
      "error"
    ],
    "@typescript-eslint/restrict-template-expressions": [
      "error"
    ],
    "@typescript-eslint/unbound-method": [
      "error"
    ],
    "prefer-rest-params": [
      "error"
    ],
    "prefer-spread": [
      "error"
    ],
    "@typescript-eslint/ban-ts-comment": [
      "error"
    ],
    "@typescript-eslint/explicit-module-boundary-types": [
      "warn"
    ],
    "no-array-constructor": [
      "off"
    ],
    "@typescript-eslint/no-array-constructor": [
      "error"
    ],
    "@typescript-eslint/no-extra-non-null-assertion": [
      "error"
    ],
    "@typescript-eslint/no-misused-new": [
      "error"
    ],
    "@typescript-eslint/no-non-null-asserted-optional-chain": [
      "error"
    ],
    "@typescript-eslint/no-this-alias": [
      "error"
    ],
    "@typescript-eslint/no-unused-vars": [
      "warn"
    ],
    "@typescript-eslint/prefer-as-const": [
      "error"
    ]
  },
  "settings": {
    "jsdoc": {
      "mode": "typescript"
    },
    "import/extensions": [
      ".ts",
      ".tsx",
      ".d.ts",
      ".js",
      ".jsx"
    ],
    "import/external-module-folders": [
      "node_modules",
      "node_modules/@types"
    ],
    "import/parsers": {
      "@typescript-eslint/parser": [
        ".ts",
        ".tsx",
        ".d.ts"
      ]
    },
    "import/resolver": {
      "node": {
        "extensions": [
          ".ts",
          ".tsx",
          ".d.ts",
          ".js",
          ".jsx"
        ]
      }
    }
  },
  "ignorePatterns": [
    "**/node_modules/",
    "*.html",
    "!*.component.html"
  ]
}
